Задание 1/5. Подготовка данных
Всего строк: 6920; используем: 2000
Распределение классов:
1
0     959
1    1041
Задание 2/5. TF-IDF: униграммы и биграммы
TF-IDF (Unigrams): train=0.8327; test=0.6740; признаков=709
TF-IDF (N-Grams): train=0.8500; test=0.6660; признаков=1002
Задание 3/5. Усреднённые векторы GloVe
Загрузка glove-twitter-25 (при первом запуске потребуется скачивание)…
GloVe: матрица признаков (2000, 25)
GloVe (Averaged): train=0.7073; test=0.7140; признаков=25
Задание 4/5. Контекстные признаки DistilBERT
DistilBERT: проверенный кэш признаков (2000, 768)
DistilBERT (Embeddings + LR): train=0.9087; test=0.8340; признаков=768
Задание 5/5. Сравнение и выводы
Результаты и отчёт сохранены в /home/salamat/Downloads/labka5/results
                      method  train_accuracy  test_accuracy       gap
           TF-IDF (Unigrams)        0.832667          0.674  0.158667
            TF-IDF (N-Grams)        0.850000          0.666  0.184000
            GloVe (Averaged)        0.707333          0.714 -0.006667
DistilBERT (Embeddings + LR)        0.908667          0.834  0.074667
Готово. Общее время: 22.0 с
